// Jest Snapshot v1, https://goo.gl/fbAQLP

exports[`renders correctly 1`] = `
<div
  className="app"
>
  <BrowserRouter>
    <Switch>
      <Route
        component={[Function]}
        exact={true}
        path="/"
      />
      <Route
        component={[Function]}
        path="/hello"
      />
      <Route
        component={[Function]}
        path="/world"
      />
      <Route
        component={[Function]}
      />
    </Switch>
  </BrowserRouter>
</div>
`;
